// Vitest Snapshot v1, https://vitest.dev/guide/snapshot.html

exports[`should apply only extractCSS plugin 1`] = `"<template><svg version="1.1" xmlns="http://www.w3.org/2000/svg" viewBox="0 0 20 20"><defs/><rect id="rect" width="10" height="10"/></svg></template><style scoped>#rect { fill: blue; }.st0 { width: 100px; }</style>"`;

exports[`should change <svg>'s attributes with custom function 1`] = `"<template><svg width="1em" height="1em" fill="currentColor" passes="0" path="styles-0.svg" viewBox="0 0 20 20"><path id="rect" d="M0 0h10v10H0z"/></svg></template><style scoped>#rect{fill:#00f}</style>"`;

exports[`should change <svg>'s attributes with svgProps 1`] = `"<template><svg :data-foo="1" width="1em" height="1em" fill="currentColor" viewBox="0 0 5 5"><path id="rect" d="M0 0h10v10H0z"/></svg></template><style scoped>#rect{fill:#00f}</style>"`;

exports[`should change attributes 1`] = `"<template><svg width="1em" height="1em" fill="currentColor" viewBox="0 0 20 20"><path id="rect" d="M0 0h10v10H0z"/></svg></template><style scoped>#rect{fill:#00f}</style>"`;

exports[`should change the stroke attribute 1`] = `"<template><svg id="layer_1" width="1em" height="1em" fill="none" stroke="currentColor" stroke-width="2" data-name="layer 1" viewBox="0 0 92.01 92.55"><path d="m90.02 66.22-31.11-.97-18.43 25.08-8.69-29.89-29.55-9.78 25.74-17.5.17-31.13 24.6 19.07 29.65-9.45-10.54 29.28z"/></svg></template>"`;

exports[`should extract styles 1`] = `"<template><svg width="1em" height="1em" fill="currentColor" viewBox="0 0 20 20"><path id="rect" d="M0 0h10v10H0z"/></svg></template><style scoped>#rect{fill:#00f}</style>"`;

exports[`should remove processing instructions in dev 1`] = `"<template><svg fill="currentColor" height="1em" width="1em"><path d="M0 0h24v24H0zm0 0h24v24H0zm0 0h24v24H0zm0 0h24v24H0z"/></svg></template>"`;

exports[`should remove processing instructions in prod 1`] = `"<template><svg width="1em" height="1em" fill="currentColor"><path d="M0 0h24v24H0zm0 0h24v24H0zm0 0h24v24H0zm0 0h24v24H0z"/></svg></template>"`;
