// Vitest Snapshot v1

exports[`should apply extractCSS plugin 1`] = `"<template><svg version=\\"1.1\\" xmlns=\\"http://www.w3.org/2000/svg\\" viewBox=\\"0 0 20 20\\"><defs/><rect id=\\"rect\\" width=\\"10\\" height=\\"10\\"/></svg></template><style scoped>#rect { fill: blue; }.st0 { width: 100px; }</style>"`;

exports[`should change <svg>'s attributes with svgProps 1`] = `"<template><svg xmlns=\\"http://www.w3.org/2000/svg\\" viewBox=\\"0 0 5 5\\" fill=\\"currentColor\\" height=\\"1em\\" width=\\"1em\\" :data-foo=\\"1\\"><path id=\\"rect\\" d=\\"M0 0h10v10H0z\\"/></svg></template><style scoped>#rect{fill:#00f}.st0{width:100px}</style>"`;

exports[`should change attributes 1`] = `"<template><svg xmlns=\\"http://www.w3.org/2000/svg\\" viewBox=\\"0 0 20 20\\" fill=\\"currentColor\\" height=\\"1em\\" width=\\"1em\\"><path id=\\"rect\\" d=\\"M0 0h10v10H0z\\"/></svg></template><style scoped>#rect{fill:#00f}.st0{width:100px}</style>"`;

exports[`should change stroke attribute 1`] = `"<template><svg id=\\"layer_1\\" data-name=\\"layer 1\\" xmlns=\\"http://www.w3.org/2000/svg\\" width=\\"1em\\" height=\\"1em\\" viewBox=\\"0 0 92.01 92.55\\" fill=\\"none\\" stroke=\\"currentColor\\" stroke-width=\\"2\\"><path d=\\"m90.02 66.22-31.11-.97-18.43 25.08-8.69-29.89-29.55-9.78 25.74-17.5.17-31.13 24.6 19.07 29.65-9.45-10.54 29.28 18.16 25.29z\\"/></svg></template>"`;

exports[`should extract styles 1`] = `"<template><svg xmlns=\\"http://www.w3.org/2000/svg\\" viewBox=\\"0 0 20 20\\" fill=\\"currentColor\\" height=\\"1em\\" width=\\"1em\\"><path id=\\"rect\\" d=\\"M0 0h10v10H0z\\"/></svg></template><style scoped>#rect{fill:#00f}.st0{width:100px}</style>"`;

exports[`should not minify on dev mode 1`] = `"<template><svg id=\\"layer_1\\" data-name=\\"layer 1\\" xmlns=\\"http://www.w3.org/2000/svg\\" width=\\"1em\\" height=\\"1em\\" viewBox=\\"0 0 92.01 92.55\\" fill=\\"none\\" stroke=\\"currentColor\\" stroke-width=\\"2\\"><title>Untitled-1</title><polygon points=\\"90.02 66.22 58.91 65.25 40.48 90.33 31.79 60.44 2.24 50.66 27.98 33.16 28.15 2.03 52.75 21.1 82.4 11.65 71.86 40.93 90.02 66.22\\"/></svg></template>"`;

exports[`should remove processing instruction in dev 1`] = `"<template><svg version=\\"1.1\\" xmlns=\\"http://www.w3.org/2000/svg\\" fill=\\"currentColor\\" height=\\"1em\\" width=\\"1em\\"><path d=\\"M0 0h24v24H0zm0 0h24v24H0zm0 0h24v24H0zm0 0h24v24H0z\\"/></svg></template>"`;

exports[`should remove processing instruction in prod 1`] = `"<template><svg xmlns=\\"http://www.w3.org/2000/svg\\" fill=\\"currentColor\\" height=\\"1em\\" width=\\"1em\\"><path d=\\"M0 0h24v24H0zm0 0h24v24H0zm0 0h24v24H0zm0 0h24v24H0z\\"/></svg></template>"`;

exports[`should work with @vitejs/plugin-vue 1`] = `"<svg xmlns=\\"http://www.w3.org/2000/svg\\" viewbox=\\"0 0 20 20\\" fill=\\"currentColor\\" height=\\"1em\\" width=\\"4396\\" data-v-61680a2e><path id=\\"rect\\" d=\\"M0 0h10v10H0z\\" data-v-61680a2e></path></svg>"`;
