// Vitest Snapshot v1, https://vitest.dev/guide/snapshot.html

exports[`should not minify on dev mode 1`] = `"<template><svg id="layer_1" data-name="layer 1" width="1em" height="1em" viewBox="0 0 92.01 92.55" fill="none" stroke="currentColor" stroke-width="2"><title>Untitled-1</title><polygon points="90.02 66.22 58.91 65.25 40.48 90.33 31.79 60.44 2.24 50.66 27.98 33.16 28.15 2.03 52.75 21.1 82.4 11.65 71.86 40.93 90.02 66.22"/></svg></template>"`;

exports[`should support custom mark 1`] = `"<template><svg width="1em" height="1em" fill="currentColor" viewBox="0 0 20 20"><path id="rect" d="M0 0h10v10H0z"/></svg></template><style scoped>#rect{fill:#00f}</style>"`;

exports[`should work with @vitejs/plugin-vue 1`] = `"<svg width="4396" height="1em" fill="currentColor" viewbox="0 0 20 20" data-v-1d0ce38e><path id="rect" d="M0 0h10v10H0z" data-v-1d0ce38e></path></svg>"`;
