// Vitest Snapshot v1

exports[`should work with rollup 1`] = `"<template><svg version=\\"1.1\\" xmlns=\\"http://www.w3.org/2000/svg\\" fill=\\"currentColor\\" height=\\"1em\\" width=\\"1em\\"><path d=\\"M0 0h24v24H0zm0 0h24v24H0zm0 0h24v24H0zm0 0h24v24H0z\\"/></svg></template>"`;
